// Jest Snapshot v1, https://goo.gl/fbAQLP

exports[`<TwoColumn /> should render the TwoColumn 1`] = `
<BrowserRouter>
  <styled.div>
    <styled.div
      flex="30%"
    >
      <LeftColumnContent />
    </styled.div>
    <styled.div
      flex="70%"
    >
      <Route
        component={[Function]}
        exact={true}
        path="/"
      />
      <Route
        component={[Function]}
        path="/about"
      />
      <Route
        component={[Function]}
        path="/contact"
      />
    </styled.div>
  </styled.div>
</BrowserRouter>
`;
